[     187ms] [WARNING] %c%s%c View count unavailable (table may not exist yet): background: #e6e6e6;background: light-dark(rgba(0,0,0,0.1), rgba(255,255,255,0.25));color: #000000;color: light-dark(#000000, #ffffff);border-radius: 2px  Server   TypeError: fetch failed @ rsc://React/Server/webpack-internal:///(rsc)/./app/db/actions.ts?0:55
[     282ms] [WARNING] You are trying to animate stopOpacity from "undefined" to "0". undefined is not an animatable value - to enable this animation set undefined to a value animatable to 0 via the `style` property. @ webpack-internal:///(app-pages-browser)/./node_modules/framer-motion/dist/es/utils/errors.mjs:13
[     284ms] [WARNING] Vemetric is ignoring requests because it is running on localhost. @ https://cdn.vemetric.com/main.js:0
[     301ms] [WARNING] ./app/lib/utils.ts
Attempted import error: 'changelogItems' is not exported from '#site/content' (imported as 'changelogItems'). @ webpack-internal:///(app-pages-browser)/./node_modules/next/dist/client/components/react-dev-overlay/app/hot-reloader-client.js:281
[     301ms] [WARNING] ./app/lib/utils.ts
Attempted import error: 'posts' is not exported from '#site/content' (imported as 'posts'). @ webpack-internal:///(app-pages-browser)/./node_modules/next/dist/client/components/react-dev-overlay/app/hot-reloader-client.js:281
[     301ms] [WARNING] ./app/lib/utils.ts
Attempted import error: 'changelogItems' is not exported from '#site/content' (imported as 'changelogItems'). @ webpack-internal:///(app-pages-browser)/./node_modules/next/dist/client/components/react-dev-overlay/app/hot-reloader-client.js:281
[    1510ms] [WARNING] ./app/lib/utils.ts
Attempted import error: 'changelogItems' is not exported from '#site/content' (imported as 'changelogItems'). @ webpack-internal:///(app-pages-browser)/./node_modules/next/dist/client/components/react-dev-overlay/app/hot-reloader-client.js:281
[    1510ms] [WARNING] ./app/lib/utils.ts
Attempted import error: 'posts' is not exported from '#site/content' (imported as 'posts'). @ webpack-internal:///(app-pages-browser)/./node_modules/next/dist/client/components/react-dev-overlay/app/hot-reloader-client.js:281
[    1510ms] [WARNING] ./app/lib/utils.ts
Attempted import error: 'changelogItems' is not exported from '#site/content' (imported as 'changelogItems'). @ webpack-internal:///(app-pages-browser)/./node_modules/next/dist/client/components/react-dev-overlay/app/hot-reloader-client.js:281
[    2123ms] [WARNING] ./app/lib/utils.ts
Attempted import error: 'changelogItems' is not exported from '#site/content' (imported as 'changelogItems'). @ webpack-internal:///(app-pages-browser)/./node_modules/next/dist/client/components/react-dev-overlay/app/hot-reloader-client.js:281
[    2123ms] [WARNING] ./app/lib/utils.ts
Attempted import error: 'posts' is not exported from '#site/content' (imported as 'posts'). @ webpack-internal:///(app-pages-browser)/./node_modules/next/dist/client/components/react-dev-overlay/app/hot-reloader-client.js:281
[    2123ms] [WARNING] ./app/lib/utils.ts
Attempted import error: 'changelogItems' is not exported from '#site/content' (imported as 'changelogItems'). @ webpack-internal:///(app-pages-browser)/./node_modules/next/dist/client/components/react-dev-overlay/app/hot-reloader-client.js:281
[    3627ms] [WARNING] ./app/lib/utils.ts
Attempted import error: 'changelogItems' is not exported from '#site/content' (imported as 'changelogItems'). @ webpack-internal:///(app-pages-browser)/./node_modules/next/dist/client/components/react-dev-overlay/app/hot-reloader-client.js:281
[    3627ms] [WARNING] ./app/lib/utils.ts
Attempted import error: 'posts' is not exported from '#site/content' (imported as 'posts'). @ webpack-internal:///(app-pages-browser)/./node_modules/next/dist/client/components/react-dev-overlay/app/hot-reloader-client.js:281
[    3627ms] [WARNING] ./app/lib/utils.ts
Attempted import error: 'changelogItems' is not exported from '#site/content' (imported as 'changelogItems'). @ webpack-internal:///(app-pages-browser)/./node_modules/next/dist/client/components/react-dev-overlay/app/hot-reloader-client.js:281
[    4400ms] [WARNING] ./app/lib/utils.ts
Attempted import error: 'changelogItems' is not exported from '#site/content' (imported as 'changelogItems'). @ webpack-internal:///(app-pages-browser)/./node_modules/next/dist/client/components/react-dev-overlay/app/hot-reloader-client.js:281
[    4400ms] [WARNING] ./app/lib/utils.ts
Attempted import error: 'posts' is not exported from '#site/content' (imported as 'posts'). @ webpack-internal:///(app-pages-browser)/./node_modules/next/dist/client/components/react-dev-overlay/app/hot-reloader-client.js:281
[    4400ms] [WARNING] ./app/lib/utils.ts
Attempted import error: 'changelogItems' is not exported from '#site/content' (imported as 'changelogItems'). @ webpack-internal:///(app-pages-browser)/./node_modules/next/dist/client/components/react-dev-overlay/app/hot-reloader-client.js:281
[    5572ms] [WARNING] ./app/lib/utils.ts
Attempted import error: 'changelogItems' is not exported from '#site/content' (imported as 'changelogItems'). @ webpack-internal:///(app-pages-browser)/./node_modules/next/dist/client/components/react-dev-overlay/app/hot-reloader-client.js:281
[    5572ms] [WARNING] ./app/lib/utils.ts
Attempted import error: 'posts' is not exported from '#site/content' (imported as 'posts'). @ webpack-internal:///(app-pages-browser)/./node_modules/next/dist/client/components/react-dev-overlay/app/hot-reloader-client.js:281
[    5572ms] [WARNING] ./app/lib/utils.ts
Attempted import error: 'changelogItems' is not exported from '#site/content' (imported as 'changelogItems'). @ webpack-internal:///(app-pages-browser)/./node_modules/next/dist/client/components/react-dev-overlay/app/hot-reloader-client.js:281
[    6800ms] [WARNING] ./app/lib/utils.ts
Attempted import error: 'changelogItems' is not exported from '#site/content' (imported as 'changelogItems'). @ webpack-internal:///(app-pages-browser)/./node_modules/next/dist/client/components/react-dev-overlay/app/hot-reloader-client.js:281
[    6800ms] [WARNING] ./app/lib/utils.ts
Attempted import error: 'posts' is not exported from '#site/content' (imported as 'posts'). @ webpack-internal:///(app-pages-browser)/./node_modules/next/dist/client/components/react-dev-overlay/app/hot-reloader-client.js:281
[    6800ms] [WARNING] ./app/lib/utils.ts
Attempted import error: 'changelogItems' is not exported from '#site/content' (imported as 'changelogItems'). @ webpack-internal:///(app-pages-browser)/./node_modules/next/dist/client/components/react-dev-overlay/app/hot-reloader-client.js:281
[    6813ms] [WARNING] ./app/lib/utils.ts
Attempted import error: 'changelogItems' is not exported from '#site/content' (imported as 'changelogItems'). @ webpack-internal:///(app-pages-browser)/./node_modules/next/dist/client/components/react-dev-overlay/app/hot-reloader-client.js:281
[    6813ms] [WARNING] ./app/lib/utils.ts
Attempted import error: 'posts' is not exported from '#site/content' (imported as 'posts'). @ webpack-internal:///(app-pages-browser)/./node_modules/next/dist/client/components/react-dev-overlay/app/hot-reloader-client.js:281
[    6813ms] [WARNING] ./app/lib/utils.ts
Attempted import error: 'changelogItems' is not exported from '#site/content' (imported as 'changelogItems'). @ webpack-internal:///(app-pages-browser)/./node_modules/next/dist/client/components/react-dev-overlay/app/hot-reloader-client.js:281
[    8493ms] [WARNING] ./app/lib/utils.ts
Attempted import error: 'changelogItems' is not exported from '#site/content' (imported as 'changelogItems'). @ webpack-internal:///(app-pages-browser)/./node_modules/next/dist/client/components/react-dev-overlay/app/hot-reloader-client.js:281
[    8493ms] [WARNING] ./app/lib/utils.ts
Attempted import error: 'posts' is not exported from '#site/content' (imported as 'posts'). @ webpack-internal:///(app-pages-browser)/./node_modules/next/dist/client/components/react-dev-overlay/app/hot-reloader-client.js:281
[    8493ms] [WARNING] ./app/lib/utils.ts
Attempted import error: 'changelogItems' is not exported from '#site/content' (imported as 'changelogItems'). @ webpack-internal:///(app-pages-browser)/./node_modules/next/dist/client/components/react-dev-overlay/app/hot-reloader-client.js:281
