[     251ms] [WARNING] %c%s%c View count unavailable (table may not exist yet): background: #e6e6e6;background: light-dark(rgba(0,0,0,0.1), rgba(255,255,255,0.25));color: #000000;color: light-dark(#000000, #ffffff);border-radius: 2px  Server   TypeError: fetch failed @ rsc://React/Server/webpack-internal:///(rsc)/./app/db/actions.ts?0:55
[     375ms] [WARNING] You are trying to animate stopOpacity from "undefined" to "0". undefined is not an animatable value - to enable this animation set undefined to a value animatable to 0 via the `style` property. @ webpack-internal:///(app-pages-browser)/./node_modules/framer-motion/dist/es/utils/errors.mjs:13
[     376ms] [WARNING] Vemetric is ignoring requests because it is running on localhost. @ https://cdn.vemetric.com/main.js:0
[     424ms] [WARNING] ./app/lib/utils.ts
Attempted import error: 'changelogItems' is not exported from '#site/content' (imported as 'changelogItems'). @ webpack-internal:///(app-pages-browser)/./node_modules/next/dist/client/components/react-dev-overlay/app/hot-reloader-client.js:281
[     424ms] [WARNING] ./app/lib/utils.ts
Attempted import error: 'posts' is not exported from '#site/content' (imported as 'posts'). @ webpack-internal:///(app-pages-browser)/./node_modules/next/dist/client/components/react-dev-overlay/app/hot-reloader-client.js:281
[     424ms] [WARNING] ./app/lib/utils.ts
Attempted import error: 'changelogItems' is not exported from '#site/content' (imported as 'changelogItems'). @ webpack-internal:///(app-pages-browser)/./node_modules/next/dist/client/components/react-dev-overlay/app/hot-reloader-client.js:281
[     689ms] [WARNING] ./app/lib/utils.ts
Attempted import error: 'changelogItems' is not exported from '#site/content' (imported as 'changelogItems'). @ webpack-internal:///(app-pages-browser)/./node_modules/next/dist/client/components/react-dev-overlay/app/hot-reloader-client.js:281
[     690ms] [WARNING] ./app/lib/utils.ts
Attempted import error: 'posts' is not exported from '#site/content' (imported as 'posts'). @ webpack-internal:///(app-pages-browser)/./node_modules/next/dist/client/components/react-dev-overlay/app/hot-reloader-client.js:281
[     690ms] [WARNING] ./app/lib/utils.ts
Attempted import error: 'changelogItems' is not exported from '#site/content' (imported as 'changelogItems'). @ webpack-internal:///(app-pages-browser)/./node_modules/next/dist/client/components/react-dev-overlay/app/hot-reloader-client.js:281
[    1982ms] [WARNING] ./app/lib/utils.ts
Attempted import error: 'changelogItems' is not exported from '#site/content' (imported as 'changelogItems'). @ webpack-internal:///(app-pages-browser)/./node_modules/next/dist/client/components/react-dev-overlay/app/hot-reloader-client.js:281
[    1982ms] [WARNING] ./app/lib/utils.ts
Attempted import error: 'posts' is not exported from '#site/content' (imported as 'posts'). @ webpack-internal:///(app-pages-browser)/./node_modules/next/dist/client/components/react-dev-overlay/app/hot-reloader-client.js:281
[    1982ms] [WARNING] ./app/lib/utils.ts
Attempted import error: 'changelogItems' is not exported from '#site/content' (imported as 'changelogItems'). @ webpack-internal:///(app-pages-browser)/./node_modules/next/dist/client/components/react-dev-overlay/app/hot-reloader-client.js:281
[    2674ms] [WARNING] ./app/lib/utils.ts
Attempted import error: 'changelogItems' is not exported from '#site/content' (imported as 'changelogItems'). @ webpack-internal:///(app-pages-browser)/./node_modules/next/dist/client/components/react-dev-overlay/app/hot-reloader-client.js:281
[    2675ms] [WARNING] ./app/lib/utils.ts
Attempted import error: 'posts' is not exported from '#site/content' (imported as 'posts'). @ webpack-internal:///(app-pages-browser)/./node_modules/next/dist/client/components/react-dev-overlay/app/hot-reloader-client.js:281
[    2675ms] [WARNING] ./app/lib/utils.ts
Attempted import error: 'changelogItems' is not exported from '#site/content' (imported as 'changelogItems'). @ webpack-internal:///(app-pages-browser)/./node_modules/next/dist/client/components/react-dev-overlay/app/hot-reloader-client.js:281
[    4229ms] [WARNING] ./app/lib/utils.ts
Attempted import error: 'changelogItems' is not exported from '#site/content' (imported as 'changelogItems'). @ webpack-internal:///(app-pages-browser)/./node_modules/next/dist/client/components/react-dev-overlay/app/hot-reloader-client.js:281
[    4229ms] [WARNING] ./app/lib/utils.ts
Attempted import error: 'posts' is not exported from '#site/content' (imported as 'posts'). @ webpack-internal:///(app-pages-browser)/./node_modules/next/dist/client/components/react-dev-overlay/app/hot-reloader-client.js:281
[    4229ms] [WARNING] ./app/lib/utils.ts
Attempted import error: 'changelogItems' is not exported from '#site/content' (imported as 'changelogItems'). @ webpack-internal:///(app-pages-browser)/./node_modules/next/dist/client/components/react-dev-overlay/app/hot-reloader-client.js:281
[    5439ms] [WARNING] ./app/lib/utils.ts
Attempted import error: 'changelogItems' is not exported from '#site/content' (imported as 'changelogItems'). @ webpack-internal:///(app-pages-browser)/./node_modules/next/dist/client/components/react-dev-overlay/app/hot-reloader-client.js:281
[    5439ms] [WARNING] ./app/lib/utils.ts
Attempted import error: 'posts' is not exported from '#site/content' (imported as 'posts'). @ webpack-internal:///(app-pages-browser)/./node_modules/next/dist/client/components/react-dev-overlay/app/hot-reloader-client.js:281
[    5439ms] [WARNING] ./app/lib/utils.ts
Attempted import error: 'changelogItems' is not exported from '#site/content' (imported as 'changelogItems'). @ webpack-internal:///(app-pages-browser)/./node_modules/next/dist/client/components/react-dev-overlay/app/hot-reloader-client.js:281
[    6052ms] [WARNING] ./app/lib/utils.ts
Attempted import error: 'changelogItems' is not exported from '#site/content' (imported as 'changelogItems'). @ webpack-internal:///(app-pages-browser)/./node_modules/next/dist/client/components/react-dev-overlay/app/hot-reloader-client.js:281
[    6052ms] [WARNING] ./app/lib/utils.ts
Attempted import error: 'posts' is not exported from '#site/content' (imported as 'posts'). @ webpack-internal:///(app-pages-browser)/./node_modules/next/dist/client/components/react-dev-overlay/app/hot-reloader-client.js:281
[    6052ms] [WARNING] ./app/lib/utils.ts
Attempted import error: 'changelogItems' is not exported from '#site/content' (imported as 'changelogItems'). @ webpack-internal:///(app-pages-browser)/./node_modules/next/dist/client/components/react-dev-overlay/app/hot-reloader-client.js:281
[    7556ms] [WARNING] ./app/lib/utils.ts
Attempted import error: 'changelogItems' is not exported from '#site/content' (imported as 'changelogItems'). @ webpack-internal:///(app-pages-browser)/./node_modules/next/dist/client/components/react-dev-overlay/app/hot-reloader-client.js:281
[    7556ms] [WARNING] ./app/lib/utils.ts
Attempted import error: 'posts' is not exported from '#site/content' (imported as 'posts'). @ webpack-internal:///(app-pages-browser)/./node_modules/next/dist/client/components/react-dev-overlay/app/hot-reloader-client.js:281
[    7556ms] [WARNING] ./app/lib/utils.ts
Attempted import error: 'changelogItems' is not exported from '#site/content' (imported as 'changelogItems'). @ webpack-internal:///(app-pages-browser)/./node_modules/next/dist/client/components/react-dev-overlay/app/hot-reloader-client.js:281
[    8328ms] [WARNING] ./app/lib/utils.ts
Attempted import error: 'changelogItems' is not exported from '#site/content' (imported as 'changelogItems'). @ webpack-internal:///(app-pages-browser)/./node_modules/next/dist/client/components/react-dev-overlay/app/hot-reloader-client.js:281
[    8328ms] [WARNING] ./app/lib/utils.ts
Attempted import error: 'posts' is not exported from '#site/content' (imported as 'posts'). @ webpack-internal:///(app-pages-browser)/./node_modules/next/dist/client/components/react-dev-overlay/app/hot-reloader-client.js:281
[    8328ms] [WARNING] ./app/lib/utils.ts
Attempted import error: 'changelogItems' is not exported from '#site/content' (imported as 'changelogItems'). @ webpack-internal:///(app-pages-browser)/./node_modules/next/dist/client/components/react-dev-overlay/app/hot-reloader-client.js:281
[    9431ms] [WARNING] %c%s%c View count unavailable (table may not exist yet): background: #e6e6e6;background: light-dark(rgba(0,0,0,0.1), rgba(255,255,255,0.25));color: #000000;color: light-dark(#000000, #ffffff);border-radius: 2px  Server   TypeError: fetch failed @ rsc://React/Server/webpack-internal:///(rsc)/./app/db/actions.ts?0:55
[    9473ms] [WARNING] You are trying to animate stopOpacity from "undefined" to "0". undefined is not an animatable value - to enable this animation set undefined to a value animatable to 0 via the `style` property. @ webpack-internal:///(app-pages-browser)/./node_modules/framer-motion/dist/es/utils/errors.mjs:13
[    9473ms] [WARNING] Vemetric is ignoring requests because it is running on localhost. @ https://cdn.vemetric.com/main.js:0
[    9502ms] [WARNING] ./app/lib/utils.ts
Attempted import error: 'changelogItems' is not exported from '#site/content' (imported as 'changelogItems'). @ webpack-internal:///(app-pages-browser)/./node_modules/next/dist/client/components/react-dev-overlay/app/hot-reloader-client.js:281
[    9502ms] [WARNING] ./app/lib/utils.ts
Attempted import error: 'posts' is not exported from '#site/content' (imported as 'posts'). @ webpack-internal:///(app-pages-browser)/./node_modules/next/dist/client/components/react-dev-overlay/app/hot-reloader-client.js:281
[    9502ms] [WARNING] ./app/lib/utils.ts
Attempted import error: 'changelogItems' is not exported from '#site/content' (imported as 'changelogItems'). @ webpack-internal:///(app-pages-browser)/./node_modules/next/dist/client/components/react-dev-overlay/app/hot-reloader-client.js:281
[   10643ms] [WARNING] %c%s%c View count unavailable (table may not exist yet): background: #e6e6e6;background: light-dark(rgba(0,0,0,0.1), rgba(255,255,255,0.25));color: #000000;color: light-dark(#000000, #ffffff);border-radius: 2px  Server   TypeError: fetch failed @ rsc://React/Server/webpack-internal:///(rsc)/./app/db/actions.ts?0:55
[   10684ms] [WARNING] You are trying to animate stopOpacity from "undefined" to "0". undefined is not an animatable value - to enable this animation set undefined to a value animatable to 0 via the `style` property. @ webpack-internal:///(app-pages-browser)/./node_modules/framer-motion/dist/es/utils/errors.mjs:13
[   10684ms] [WARNING] Vemetric is ignoring requests because it is running on localhost. @ https://cdn.vemetric.com/main.js:0
[   10742ms] [WARNING] ./app/lib/utils.ts
Attempted import error: 'changelogItems' is not exported from '#site/content' (imported as 'changelogItems'). @ webpack-internal:///(app-pages-browser)/./node_modules/next/dist/client/components/react-dev-overlay/app/hot-reloader-client.js:281
[   10742ms] [WARNING] ./app/lib/utils.ts
Attempted import error: 'posts' is not exported from '#site/content' (imported as 'posts'). @ webpack-internal:///(app-pages-browser)/./node_modules/next/dist/client/components/react-dev-overlay/app/hot-reloader-client.js:281
[   10742ms] [WARNING] ./app/lib/utils.ts
Attempted import error: 'changelogItems' is not exported from '#site/content' (imported as 'changelogItems'). @ webpack-internal:///(app-pages-browser)/./node_modules/next/dist/client/components/react-dev-overlay/app/hot-reloader-client.js:281
[   12422ms] [WARNING] ./app/lib/utils.ts
Attempted import error: 'changelogItems' is not exported from '#site/content' (imported as 'changelogItems'). @ webpack-internal:///(app-pages-browser)/./node_modules/next/dist/client/components/react-dev-overlay/app/hot-reloader-client.js:281
[   12422ms] [WARNING] ./app/lib/utils.ts
Attempted import error: 'posts' is not exported from '#site/content' (imported as 'posts'). @ webpack-internal:///(app-pages-browser)/./node_modules/next/dist/client/components/react-dev-overlay/app/hot-reloader-client.js:281
[   12422ms] [WARNING] ./app/lib/utils.ts
Attempted import error: 'changelogItems' is not exported from '#site/content' (imported as 'changelogItems'). @ webpack-internal:///(app-pages-browser)/./node_modules/next/dist/client/components/react-dev-overlay/app/hot-reloader-client.js:281
