[     204ms] [WARNING] Caught a recoverable error. The site is still functional, but might have some UI flickering or degraded page load performance. If you are the author of this website, update external components and check recently added custom code or code overrides to fix the following server/client mismatches:
 Error: Minified React error #425; visit https://reactjs.org/docs/error-decoder.html?invariant=425 for the full message or use the non-minified dev environment for full errors and additional helpful warnings.
    at Ii (https://framerusercontent.com/sites/18RdVSzdQMj2mCreSZRYqg/react.BausZl4g.mjs:6:68)
    at us (https://framerusercontent.com/sites/18RdVSzdQMj2mCreSZRYqg/react.BausZl4g.mjs:8:14036)
    at ec (https://framerusercontent.com/sites/18RdVSzdQMj2mCreSZRYqg/react.BausZl4g.mjs:8:37372)
    at $s (https://framerusercontent.com/sites/18RdVSzdQMj2mCreSZRYqg/react.BausZl4g.mjs:8:37134)
    at Qs (https://framerusercontent.com/sites/18RdVSzdQMj2mCreSZRYqg/react.BausZl4g.mjs:8:37046)
    at Ls (https://framerusercontent.com/sites/18RdVSzdQMj2mCreSZRYqg/react.BausZl4g.mjs:8:32130)
    at wt (https://framerusercontent.com/sites/18RdVSzdQMj2mCreSZRYqg/react.BausZl4g.mjs:1:10651)
    at MessagePort.Et (https://framerusercontent.com/sites/18RdVSzdQMj2mCreSZRYqg/react.BausZl4g.mjs:1:11006) 
    at span
    at div
    at W (https://framerusercontent.com/sites/18RdVSzdQMj2mCreSZRYqg/script_main.QlCosrde.mjs:1:1143)
    at Xx (https://framerusercontent.com/sites/18RdVSzdQMj2mCreSZRYqg/framer.Bg0aLifv.mjs:1056:716)
    at Suspense
    at zc (https://framerusercontent.com/sites/18RdVSzdQMj2mCreSZRYqg/framer.Bg0aLifv.mjs:49:68085)
    at Gc (https://framerusercontent.com/sites/18RdVSzdQMj2mCreSZRYqg/framer.Bg0aLifv.mjs:49:68749)
    at Wc (https://framerusercontent.com/sites/18RdVSzdQMj2mCreSZRYqg/framer.Bg0aLifv.mjs:49:68611)
    at Jc (https://framerusercontent.com/sites/18RdVSzdQMj2mCreSZRYqg/framer.Bg0aLifv.mjs:49:69020)
    at div
    at s (https://framerusercontent.com/sites/18RdVSzdQMj2mCreSZRYqg/motion.dO44Kw2c.mjs:9:5440)
    at https://framerusercontent.com/sites/18RdVSzdQMj2mCreSZRYqg/framer.Bg0aLifv.mjs:1056:1952
    at https://framerusercontent.com/sites/18RdVSzdQMj2mCreSZRYqg/framer.Bg0aLifv.mjs:1049:32036
    at div
    at s (https://framerusercontent.com/sites/18RdVSzdQMj2mCreSZRYqg/motion.dO44Kw2c.mjs:9:5440)
    at div
    at s (https://framerusercontent.com/sites/18RdVSzdQMj2mCreSZRYqg/motion.dO44Kw2c.mjs:9:5440)
    at nav
    at s (https://framerusercontent.com/sites/18RdVSzdQMj2mCreSZRYqg/motion.dO44Kw2c.mjs:9:5440)
    at https://framerusercontent.com/sites/18RdVSzdQMj2mCreSZRYqg/framer.Bg0aLifv.mjs:1049:30385
    at header
    at s (https://framerusercontent.com/sites/18RdVSzdQMj2mCreSZRYqg/motion.dO44Kw2c.mjs:9:5440)
    at xt (https://framerusercontent.com/sites/18RdVSzdQMj2mCreSZRYqg/script_main.QlCosrde.mjs:1:7061)
    at s (https://framerusercontent.com/sites/18RdVSzdQMj2mCreSZRYqg/motion.dO44Kw2c.mjs:9:5440)
    at Bd (https://framerusercontent.com/sites/18RdVSzdQMj2mCreSZRYqg/motion.dO44Kw2c.mjs:9:70716)
    at https://framerusercontent.com/sites/18RdVSzdQMj2mCreSZRYqg/script_main.QlCosrde.mjs:1:7493
    at https://framerusercontent.com/sites/18RdVSzdQMj2mCreSZRYqg/framer.Bg0aLifv.mjs:112:33893
    at div
    at https://framerusercontent.com/sites/18RdVSzdQMj2mCreSZRYqg/framer.Bg0aLifv.mjs:1049:26746
    at https://framerusercontent.com/sites/18RdVSzdQMj2mCreSZRYqg/framer.Bg0aLifv.mjs:112:33893
    at Bd (https://framerusercontent.com/sites/18RdVSzdQMj2mCreSZRYqg/motion.dO44Kw2c.mjs:9:70716)
    at Oi (https://framerusercontent.com/sites/18RdVSzdQMj2mCreSZRYqg/framer.Bg0aLifv.mjs:49:21846)
    at div
    at s (https://framerusercontent.com/sites/18RdVSzdQMj2mCreSZRYqg/motion.dO44Kw2c.mjs:9:5440)
    at https://framerusercontent.com/sites/18RdVSzdQMj2mCreSZRYqg/framer.Bg0aLifv.mjs:1056:1471
    at https://framerusercontent.com/sites/18RdVSzdQMj2mCreSZRYqg/framer.Bg0aLifv.mjs:1049:32223
    at https://framerusercontent.com/sites/18RdVSzdQMj2mCreSZRYqg/framer.Bg0aLifv.mjs:1049:32036
    at div
    at s (https://framerusercontent.com/sites/18RdVSzdQMj2mCreSZRYqg/motion.dO44Kw2c.mjs:9:5440)
    at Bd (https://framerusercontent.com/sites/18RdVSzdQMj2mCreSZRYqg/motion.dO44Kw2c.mjs:9:70716)
    at https://framerusercontent.com/sites/18RdVSzdQMj2mCreSZRYqg/script_main.QlCosrde.mjs:1:49082
    at https://framerusercontent.com/sites/18RdVSzdQMj2mCreSZRYqg/framer.Bg0aLifv.mjs:112:33893
    at Cn (https://framerusercontent.com/sites/18RdVSzdQMj2mCreSZRYqg/script_main.QlCosrde.mjs:1:50874)
    at Lu (https://framerusercontent.com/sites/18RdVSzdQMj2mCreSZRYqg/framer.Bg0aLifv.mjs:51:6109)
    at r_ (https://framerusercontent.com/sites/18RdVSzdQMj2mCreSZRYqg/framer.Bg0aLifv.mjs:112:6099)
    at Suspense
    at zc (https://framerusercontent.com/sites/18RdVSzdQMj2mCreSZRYqg/framer.Bg0aLifv.mjs:49:68085)
    at Gx (https://framerusercontent.com/sites/18RdVSzdQMj2mCreSZRYqg/framer.Bg0aLifv.mjs:1049:32323)
    at pu (https://framerusercontent.com/sites/18RdVSzdQMj2mCreSZRYqg/framer.Bg0aLifv.mjs:49:86300)
    at lr (https://framerusercontent.com/sites/18RdVSzdQMj2mCreSZRYqg/framer.Bg0aLifv.mjs:49:6499)
    at wt (https://framerusercontent.com/sites/18RdVSzdQMj2mCreSZRYqg/framer.Bg0aLifv.mjs:3:2957)
    at Iu (https://framerusercontent.com/sites/18RdVSzdQMj2mCreSZRYqg/framer.Bg0aLifv.mjs:51:2003)
    at hu (https://framerusercontent.com/sites/18RdVSzdQMj2mCreSZRYqg/framer.Bg0aLifv.mjs:49:86844)
    at https://framerusercontent.com/sites/18RdVSzdQMj2mCreSZRYqg/framer.Bg0aLifv.mjs:1056:2511
    at https://framerusercontent.com/sites/18RdVSzdQMj2mCreSZRYqg/framer.Bg0aLifv.mjs:112:33893
    at PC (https://framerusercontent.com/sites/18RdVSzdQMj2mCreSZRYqg/framer.Bg0aLifv.mjs:1056:16859)
    at rn (https://framerusercontent.com/sites/18RdVSzdQMj2mCreSZRYqg/framer.Bg0aLifv.mjs:7:7918)
    at na (https://framerusercontent.com/sites/18RdVSzdQMj2mCreSZRYqg/motion.dO44Kw2c.mjs:9:1351)
    at ar (https://framerusercontent.com/sites/18RdVSzdQMj2mCreSZRYqg/framer.Bg0aLifv.mjs:49:6139)
    at qu (https://framerusercontent.com/sites/18RdVSzdQMj2mCreSZRYqg/framer.Bg0aLifv.mjs:51:7376)
    at SS (https://framerusercontent.com/sites/18RdVSzdQMj2mCreSZRYqg/framer.Bg0aLifv.mjs:1056:6089)
    at Tn (https://framerusercontent.com/sites/18RdVSzdQMj2mCreSZRYqg/framer.Bg0aLifv.mjs:7:12667) @ https://framerusercontent.com/sites/18RdVSzdQMj2mCreSZRYqg/script_main.QlCosrde.mjs:0
[     204ms] [WARNING] Caught a recoverable error. The site is still functional, but might have some UI flickering or degraded page load performance. If you are the author of this website, update external components and check recently added custom code or code overrides to fix the following server/client mismatches:
 Error: Minified React error #422; visit https://reactjs.org/docs/error-decoder.html?invariant=422 for the full message or use the non-minified dev environment for full errors and additional helpful warnings.
    at ns (https://framerusercontent.com/sites/18RdVSzdQMj2mCreSZRYqg/react.BausZl4g.mjs:8:8255)
    at $o (https://framerusercontent.com/sites/18RdVSzdQMj2mCreSZRYqg/react.BausZl4g.mjs:8:7196)
    at cp (https://framerusercontent.com/sites/18RdVSzdQMj2mCreSZRYqg/react.BausZl4g.mjs:8:68482)
    at $s (https://framerusercontent.com/sites/18RdVSzdQMj2mCreSZRYqg/react.BausZl4g.mjs:8:37073)
    at Qs (https://framerusercontent.com/sites/18RdVSzdQMj2mCreSZRYqg/react.BausZl4g.mjs:8:37046)
    at Ls (https://framerusercontent.com/sites/18RdVSzdQMj2mCreSZRYqg/react.BausZl4g.mjs:8:32130)
    at wt (https://framerusercontent.com/sites/18RdVSzdQMj2mCreSZRYqg/react.BausZl4g.mjs:1:10651)
    at MessagePort.Et (https://framerusercontent.com/sites/18RdVSzdQMj2mCreSZRYqg/react.BausZl4g.mjs:1:11006) null @ https://framerusercontent.com/sites/18RdVSzdQMj2mCreSZRYqg/script_main.QlCosrde.mjs:0
[     204ms] [WARNING] Caught a recoverable error. The site is still functional, but might have some UI flickering or degraded page load performance. If you are the author of this website, update external components and check recently added custom code or code overrides to fix the following server/client mismatches:
 Error: Minified React error #425; visit https://reactjs.org/docs/error-decoder.html?invariant=425 for the full message or use the non-minified dev environment for full errors and additional helpful warnings.
    at Ii (https://framerusercontent.com/sites/18RdVSzdQMj2mCreSZRYqg/react.BausZl4g.mjs:6:68)
    at us (https://framerusercontent.com/sites/18RdVSzdQMj2mCreSZRYqg/react.BausZl4g.mjs:8:14036)
    at ec (https://framerusercontent.com/sites/18RdVSzdQMj2mCreSZRYqg/react.BausZl4g.mjs:8:37372)
    at $s (https://framerusercontent.com/sites/18RdVSzdQMj2mCreSZRYqg/react.BausZl4g.mjs:8:37134)
    at Qs (https://framerusercontent.com/sites/18RdVSzdQMj2mCreSZRYqg/react.BausZl4g.mjs:8:37046)
    at Ls (https://framerusercontent.com/sites/18RdVSzdQMj2mCreSZRYqg/react.BausZl4g.mjs:8:32130)
    at wt (https://framerusercontent.com/sites/18RdVSzdQMj2mCreSZRYqg/react.BausZl4g.mjs:1:10651)
    at MessagePort.Et (https://framerusercontent.com/sites/18RdVSzdQMj2mCreSZRYqg/react.BausZl4g.mjs:1:11006) 
    at span
    at div
    at W (https://framerusercontent.com/sites/18RdVSzdQMj2mCreSZRYqg/script_main.QlCosrde.mjs:1:1143)
    at Xx (https://framerusercontent.com/sites/18RdVSzdQMj2mCreSZRYqg/framer.Bg0aLifv.mjs:1056:716)
    at Suspense
    at zc (https://framerusercontent.com/sites/18RdVSzdQMj2mCreSZRYqg/framer.Bg0aLifv.mjs:49:68085)
    at Gc (https://framerusercontent.com/sites/18RdVSzdQMj2mCreSZRYqg/framer.Bg0aLifv.mjs:49:68749)
    at Wc (https://framerusercontent.com/sites/18RdVSzdQMj2mCreSZRYqg/framer.Bg0aLifv.mjs:49:68611)
    at Jc (https://framerusercontent.com/sites/18RdVSzdQMj2mCreSZRYqg/framer.Bg0aLifv.mjs:49:69020)
    at div
    at s (https://framerusercontent.com/sites/18RdVSzdQMj2mCreSZRYqg/motion.dO44Kw2c.mjs:9:5440)
    at https://framerusercontent.com/sites/18RdVSzdQMj2mCreSZRYqg/framer.Bg0aLifv.mjs:1056:1952
    at https://framerusercontent.com/sites/18RdVSzdQMj2mCreSZRYqg/framer.Bg0aLifv.mjs:1049:32036
    at div
    at s (https://framerusercontent.com/sites/18RdVSzdQMj2mCreSZRYqg/motion.dO44Kw2c.mjs:9:5440)
    at div
    at s (https://framerusercontent.com/sites/18RdVSzdQMj2mCreSZRYqg/motion.dO44Kw2c.mjs:9:5440)
    at nav
    at s (https://framerusercontent.com/sites/18RdVSzdQMj2mCreSZRYqg/motion.dO44Kw2c.mjs:9:5440)
    at https://framerusercontent.com/sites/18RdVSzdQMj2mCreSZRYqg/framer.Bg0aLifv.mjs:1049:30385
    at header
    at s (https://framerusercontent.com/sites/18RdVSzdQMj2mCreSZRYqg/motion.dO44Kw2c.mjs:9:5440)
    at xt (https://framerusercontent.com/sites/18RdVSzdQMj2mCreSZRYqg/script_main.QlCosrde.mjs:1:7061)
    at s (https://framerusercontent.com/sites/18RdVSzdQMj2mCreSZRYqg/motion.dO44Kw2c.mjs:9:5440)
    at Bd (https://framerusercontent.com/sites/18RdVSzdQMj2mCreSZRYqg/motion.dO44Kw2c.mjs:9:70716)
    at https://framerusercontent.com/sites/18RdVSzdQMj2mCreSZRYqg/script_main.QlCosrde.mjs:1:7493
    at https://framerusercontent.com/sites/18RdVSzdQMj2mCreSZRYqg/framer.Bg0aLifv.mjs:112:33893
    at div
    at https://framerusercontent.com/sites/18RdVSzdQMj2mCreSZRYqg/framer.Bg0aLifv.mjs:1049:26746
    at https://framerusercontent.com/sites/18RdVSzdQMj2mCreSZRYqg/framer.Bg0aLifv.mjs:112:33893
    at Bd (https://framerusercontent.com/sites/18RdVSzdQMj2mCreSZRYqg/motion.dO44Kw2c.mjs:9:70716)
    at Oi (https://framerusercontent.com/sites/18RdVSzdQMj2mCreSZRYqg/framer.Bg0aLifv.mjs:49:21846)
    at div
    at s (https://framerusercontent.com/sites/18RdVSzdQMj2mCreSZRYqg/motion.dO44Kw2c.mjs:9:5440)
    at https://framerusercontent.com/sites/18RdVSzdQMj2mCreSZRYqg/framer.Bg0aLifv.mjs:1056:1471
    at https://framerusercontent.com/sites/18RdVSzdQMj2mCreSZRYqg/framer.Bg0aLifv.mjs:1049:32223
    at https://framerusercontent.com/sites/18RdVSzdQMj2mCreSZRYqg/framer.Bg0aLifv.mjs:1049:32036
    at div
    at s (https://framerusercontent.com/sites/18RdVSzdQMj2mCreSZRYqg/motion.dO44Kw2c.mjs:9:5440)
    at Bd (https://framerusercontent.com/sites/18RdVSzdQMj2mCreSZRYqg/motion.dO44Kw2c.mjs:9:70716)
    at https://framerusercontent.com/sites/18RdVSzdQMj2mCreSZRYqg/script_main.QlCosrde.mjs:1:49082
    at https://framerusercontent.com/sites/18RdVSzdQMj2mCreSZRYqg/framer.Bg0aLifv.mjs:112:33893
    at Cn (https://framerusercontent.com/sites/18RdVSzdQMj2mCreSZRYqg/script_main.QlCosrde.mjs:1:50874)
    at Lu (https://framerusercontent.com/sites/18RdVSzdQMj2mCreSZRYqg/framer.Bg0aLifv.mjs:51:6109)
    at r_ (https://framerusercontent.com/sites/18RdVSzdQMj2mCreSZRYqg/framer.Bg0aLifv.mjs:112:6099)
    at Suspense
    at zc (https://framerusercontent.com/sites/18RdVSzdQMj2mCreSZRYqg/framer.Bg0aLifv.mjs:49:68085)
    at Gx (https://framerusercontent.com/sites/18RdVSzdQMj2mCreSZRYqg/framer.Bg0aLifv.mjs:1049:32323)
    at pu (https://framerusercontent.com/sites/18RdVSzdQMj2mCreSZRYqg/framer.Bg0aLifv.mjs:49:86300)
    at lr (https://framerusercontent.com/sites/18RdVSzdQMj2mCreSZRYqg/framer.Bg0aLifv.mjs:49:6499)
    at wt (https://framerusercontent.com/sites/18RdVSzdQMj2mCreSZRYqg/framer.Bg0aLifv.mjs:3:2957)
    at Iu (https://framerusercontent.com/sites/18RdVSzdQMj2mCreSZRYqg/framer.Bg0aLifv.mjs:51:2003)
    at hu (https://framerusercontent.com/sites/18RdVSzdQMj2mCreSZRYqg/framer.Bg0aLifv.mjs:49:86844)
    at https://framerusercontent.com/sites/18RdVSzdQMj2mCreSZRYqg/framer.Bg0aLifv.mjs:1056:2511
    at https://framerusercontent.com/sites/18RdVSzdQMj2mCreSZRYqg/framer.Bg0aLifv.mjs:112:33893
    at PC (https://framerusercontent.com/sites/18RdVSzdQMj2mCreSZRYqg/framer.Bg0aLifv.mjs:1056:16859)
    at rn (https://framerusercontent.com/sites/18RdVSzdQMj2mCreSZRYqg/framer.Bg0aLifv.mjs:7:7918)
    at na (https://framerusercontent.com/sites/18RdVSzdQMj2mCreSZRYqg/motion.dO44Kw2c.mjs:9:1351)
    at ar (https://framerusercontent.com/sites/18RdVSzdQMj2mCreSZRYqg/framer.Bg0aLifv.mjs:49:6139)
    at qu (https://framerusercontent.com/sites/18RdVSzdQMj2mCreSZRYqg/framer.Bg0aLifv.mjs:51:7376)
    at SS (https://framerusercontent.com/sites/18RdVSzdQMj2mCreSZRYqg/framer.Bg0aLifv.mjs:1056:6089)
    at Tn (https://framerusercontent.com/sites/18RdVSzdQMj2mCreSZRYqg/framer.Bg0aLifv.mjs:7:12667) @ https://framerusercontent.com/sites/18RdVSzdQMj2mCreSZRYqg/script_main.QlCosrde.mjs:0
[     204ms] [WARNING] Caught a recoverable error. The site is still functional, but might have some UI flickering or degraded page load performance. If you are the author of this website, update external components and check recently added custom code or code overrides to fix the following server/client mismatches:
 Error: Minified React error #422; visit https://reactjs.org/docs/error-decoder.html?invariant=422 for the full message or use the non-minified dev environment for full errors and additional helpful warnings.
    at ns (https://framerusercontent.com/sites/18RdVSzdQMj2mCreSZRYqg/react.BausZl4g.mjs:8:8255)
    at $o (https://framerusercontent.com/sites/18RdVSzdQMj2mCreSZRYqg/react.BausZl4g.mjs:8:7196)
    at cp (https://framerusercontent.com/sites/18RdVSzdQMj2mCreSZRYqg/react.BausZl4g.mjs:8:68482)
    at $s (https://framerusercontent.com/sites/18RdVSzdQMj2mCreSZRYqg/react.BausZl4g.mjs:8:37073)
    at Qs (https://framerusercontent.com/sites/18RdVSzdQMj2mCreSZRYqg/react.BausZl4g.mjs:8:37046)
    at Ls (https://framerusercontent.com/sites/18RdVSzdQMj2mCreSZRYqg/react.BausZl4g.mjs:8:32130)
    at wt (https://framerusercontent.com/sites/18RdVSzdQMj2mCreSZRYqg/react.BausZl4g.mjs:1:10651)
    at MessagePort.Et (https://framerusercontent.com/sites/18RdVSzdQMj2mCreSZRYqg/react.BausZl4g.mjs:1:11006) null @ https://framerusercontent.com/sites/18RdVSzdQMj2mCreSZRYqg/script_main.QlCosrde.mjs:0
