[     245ms] [WARNING] %c%s%c View count unavailable (table may not exist yet): background: #e6e6e6;background: light-dark(rgba(0,0,0,0.1), rgba(255,255,255,0.25));color: #000000;color: light-dark(#000000, #ffffff);border-radius: 2px  Server   TypeError: fetch failed @ rsc://React/Server/webpack-internal:///(rsc)/./app/db/actions.ts?0:55
[     355ms] [WARNING] You are trying to animate stopOpacity from "undefined" to "0". undefined is not an animatable value - to enable this animation set undefined to a value animatable to 0 via the `style` property. @ webpack-internal:///(app-pages-browser)/./node_modules/framer-motion/dist/es/utils/errors.mjs:13
[     356ms] [WARNING] Vemetric is ignoring requests because it is running on localhost. @ https://cdn.vemetric.com/main.js:0
[     410ms] [WARNING] ./app/lib/utils.ts
Attempted import error: 'changelogItems' is not exported from '#site/content' (imported as 'changelogItems'). @ webpack-internal:///(app-pages-browser)/./node_modules/next/dist/client/components/react-dev-overlay/app/hot-reloader-client.js:281
[     411ms] [WARNING] ./app/lib/utils.ts
Attempted import error: 'posts' is not exported from '#site/content' (imported as 'posts'). @ webpack-internal:///(app-pages-browser)/./node_modules/next/dist/client/components/react-dev-overlay/app/hot-reloader-client.js:281
[     411ms] [WARNING] ./app/lib/utils.ts
Attempted import error: 'changelogItems' is not exported from '#site/content' (imported as 'changelogItems'). @ webpack-internal:///(app-pages-browser)/./node_modules/next/dist/client/components/react-dev-overlay/app/hot-reloader-client.js:281
[     420ms] [WARNING] ./app/lib/utils.ts
Attempted import error: 'changelogItems' is not exported from '#site/content' (imported as 'changelogItems'). @ webpack-internal:///(app-pages-browser)/./node_modules/next/dist/client/components/react-dev-overlay/app/hot-reloader-client.js:281
[     420ms] [WARNING] ./app/lib/utils.ts
Attempted import error: 'posts' is not exported from '#site/content' (imported as 'posts'). @ webpack-internal:///(app-pages-browser)/./node_modules/next/dist/client/components/react-dev-overlay/app/hot-reloader-client.js:281
[     420ms] [WARNING] ./app/lib/utils.ts
Attempted import error: 'changelogItems' is not exported from '#site/content' (imported as 'changelogItems'). @ webpack-internal:///(app-pages-browser)/./node_modules/next/dist/client/components/react-dev-overlay/app/hot-reloader-client.js:281
[     687ms] [WARNING] ./app/lib/utils.ts
Attempted import error: 'changelogItems' is not exported from '#site/content' (imported as 'changelogItems'). @ webpack-internal:///(app-pages-browser)/./node_modules/next/dist/client/components/react-dev-overlay/app/hot-reloader-client.js:281
[     687ms] [WARNING] ./app/lib/utils.ts
Attempted import error: 'posts' is not exported from '#site/content' (imported as 'posts'). @ webpack-internal:///(app-pages-browser)/./node_modules/next/dist/client/components/react-dev-overlay/app/hot-reloader-client.js:281
[     687ms] [WARNING] ./app/lib/utils.ts
Attempted import error: 'changelogItems' is not exported from '#site/content' (imported as 'changelogItems'). @ webpack-internal:///(app-pages-browser)/./node_modules/next/dist/client/components/react-dev-overlay/app/hot-reloader-client.js:281
[    1980ms] [WARNING] ./app/lib/utils.ts
Attempted import error: 'changelogItems' is not exported from '#site/content' (imported as 'changelogItems'). @ webpack-internal:///(app-pages-browser)/./node_modules/next/dist/client/components/react-dev-overlay/app/hot-reloader-client.js:281
[    1980ms] [WARNING] ./app/lib/utils.ts
Attempted import error: 'posts' is not exported from '#site/content' (imported as 'posts'). @ webpack-internal:///(app-pages-browser)/./node_modules/next/dist/client/components/react-dev-overlay/app/hot-reloader-client.js:281
[    1980ms] [WARNING] ./app/lib/utils.ts
Attempted import error: 'changelogItems' is not exported from '#site/content' (imported as 'changelogItems'). @ webpack-internal:///(app-pages-browser)/./node_modules/next/dist/client/components/react-dev-overlay/app/hot-reloader-client.js:281
[    2673ms] [WARNING] ./app/lib/utils.ts
Attempted import error: 'changelogItems' is not exported from '#site/content' (imported as 'changelogItems'). @ webpack-internal:///(app-pages-browser)/./node_modules/next/dist/client/components/react-dev-overlay/app/hot-reloader-client.js:281
[    2673ms] [WARNING] ./app/lib/utils.ts
Attempted import error: 'posts' is not exported from '#site/content' (imported as 'posts'). @ webpack-internal:///(app-pages-browser)/./node_modules/next/dist/client/components/react-dev-overlay/app/hot-reloader-client.js:281
[    2673ms] [WARNING] ./app/lib/utils.ts
Attempted import error: 'changelogItems' is not exported from '#site/content' (imported as 'changelogItems'). @ webpack-internal:///(app-pages-browser)/./node_modules/next/dist/client/components/react-dev-overlay/app/hot-reloader-client.js:281
[    4227ms] [WARNING] ./app/lib/utils.ts
Attempted import error: 'changelogItems' is not exported from '#site/content' (imported as 'changelogItems'). @ webpack-internal:///(app-pages-browser)/./node_modules/next/dist/client/components/react-dev-overlay/app/hot-reloader-client.js:281
[    4227ms] [WARNING] ./app/lib/utils.ts
Attempted import error: 'posts' is not exported from '#site/content' (imported as 'posts'). @ webpack-internal:///(app-pages-browser)/./node_modules/next/dist/client/components/react-dev-overlay/app/hot-reloader-client.js:281
[    4227ms] [WARNING] ./app/lib/utils.ts
Attempted import error: 'changelogItems' is not exported from '#site/content' (imported as 'changelogItems'). @ webpack-internal:///(app-pages-browser)/./node_modules/next/dist/client/components/react-dev-overlay/app/hot-reloader-client.js:281
[    5437ms] [WARNING] ./app/lib/utils.ts
Attempted import error: 'changelogItems' is not exported from '#site/content' (imported as 'changelogItems'). @ webpack-internal:///(app-pages-browser)/./node_modules/next/dist/client/components/react-dev-overlay/app/hot-reloader-client.js:281
[    5437ms] [WARNING] ./app/lib/utils.ts
Attempted import error: 'posts' is not exported from '#site/content' (imported as 'posts'). @ webpack-internal:///(app-pages-browser)/./node_modules/next/dist/client/components/react-dev-overlay/app/hot-reloader-client.js:281
[    5437ms] [WARNING] ./app/lib/utils.ts
Attempted import error: 'changelogItems' is not exported from '#site/content' (imported as 'changelogItems'). @ webpack-internal:///(app-pages-browser)/./node_modules/next/dist/client/components/react-dev-overlay/app/hot-reloader-client.js:281
[    6050ms] [WARNING] ./app/lib/utils.ts
Attempted import error: 'changelogItems' is not exported from '#site/content' (imported as 'changelogItems'). @ webpack-internal:///(app-pages-browser)/./node_modules/next/dist/client/components/react-dev-overlay/app/hot-reloader-client.js:281
[    6050ms] [WARNING] ./app/lib/utils.ts
Attempted import error: 'posts' is not exported from '#site/content' (imported as 'posts'). @ webpack-internal:///(app-pages-browser)/./node_modules/next/dist/client/components/react-dev-overlay/app/hot-reloader-client.js:281
[    6050ms] [WARNING] ./app/lib/utils.ts
Attempted import error: 'changelogItems' is not exported from '#site/content' (imported as 'changelogItems'). @ webpack-internal:///(app-pages-browser)/./node_modules/next/dist/client/components/react-dev-overlay/app/hot-reloader-client.js:281
[    7554ms] [WARNING] ./app/lib/utils.ts
Attempted import error: 'changelogItems' is not exported from '#site/content' (imported as 'changelogItems'). @ webpack-internal:///(app-pages-browser)/./node_modules/next/dist/client/components/react-dev-overlay/app/hot-reloader-client.js:281
[    7554ms] [WARNING] ./app/lib/utils.ts
Attempted import error: 'posts' is not exported from '#site/content' (imported as 'posts'). @ webpack-internal:///(app-pages-browser)/./node_modules/next/dist/client/components/react-dev-overlay/app/hot-reloader-client.js:281
[    7554ms] [WARNING] ./app/lib/utils.ts
Attempted import error: 'changelogItems' is not exported from '#site/content' (imported as 'changelogItems'). @ webpack-internal:///(app-pages-browser)/./node_modules/next/dist/client/components/react-dev-overlay/app/hot-reloader-client.js:281
[    8326ms] [WARNING] ./app/lib/utils.ts
Attempted import error: 'changelogItems' is not exported from '#site/content' (imported as 'changelogItems'). @ webpack-internal:///(app-pages-browser)/./node_modules/next/dist/client/components/react-dev-overlay/app/hot-reloader-client.js:281
[    8326ms] [WARNING] ./app/lib/utils.ts
Attempted import error: 'posts' is not exported from '#site/content' (imported as 'posts'). @ webpack-internal:///(app-pages-browser)/./node_modules/next/dist/client/components/react-dev-overlay/app/hot-reloader-client.js:281
[    8326ms] [WARNING] ./app/lib/utils.ts
Attempted import error: 'changelogItems' is not exported from '#site/content' (imported as 'changelogItems'). @ webpack-internal:///(app-pages-browser)/./node_modules/next/dist/client/components/react-dev-overlay/app/hot-reloader-client.js:281
[    9499ms] [WARNING] ./app/lib/utils.ts
Attempted import error: 'changelogItems' is not exported from '#site/content' (imported as 'changelogItems'). @ webpack-internal:///(app-pages-browser)/./node_modules/next/dist/client/components/react-dev-overlay/app/hot-reloader-client.js:281
[    9499ms] [WARNING] ./app/lib/utils.ts
Attempted import error: 'posts' is not exported from '#site/content' (imported as 'posts'). @ webpack-internal:///(app-pages-browser)/./node_modules/next/dist/client/components/react-dev-overlay/app/hot-reloader-client.js:281
[    9499ms] [WARNING] ./app/lib/utils.ts
Attempted import error: 'changelogItems' is not exported from '#site/content' (imported as 'changelogItems'). @ webpack-internal:///(app-pages-browser)/./node_modules/next/dist/client/components/react-dev-overlay/app/hot-reloader-client.js:281
[   10631ms] [WARNING] %c%s%c View count unavailable (table may not exist yet): background: #e6e6e6;background: light-dark(rgba(0,0,0,0.1), rgba(255,255,255,0.25));color: #000000;color: light-dark(#000000, #ffffff);border-radius: 2px  Server   TypeError: fetch failed @ rsc://React/Server/webpack-internal:///(rsc)/./app/db/actions.ts?0:55
[   10672ms] [WARNING] You are trying to animate stopOpacity from "undefined" to "0". undefined is not an animatable value - to enable this animation set undefined to a value animatable to 0 via the `style` property. @ webpack-internal:///(app-pages-browser)/./node_modules/framer-motion/dist/es/utils/errors.mjs:13
[   10673ms] [WARNING] Vemetric is ignoring requests because it is running on localhost. @ https://cdn.vemetric.com/main.js:0
[   10727ms] [WARNING] ./app/lib/utils.ts
Attempted import error: 'changelogItems' is not exported from '#site/content' (imported as 'changelogItems'). @ webpack-internal:///(app-pages-browser)/./node_modules/next/dist/client/components/react-dev-overlay/app/hot-reloader-client.js:281
[   10727ms] [WARNING] ./app/lib/utils.ts
Attempted import error: 'posts' is not exported from '#site/content' (imported as 'posts'). @ webpack-internal:///(app-pages-browser)/./node_modules/next/dist/client/components/react-dev-overlay/app/hot-reloader-client.js:281
[   10727ms] [WARNING] ./app/lib/utils.ts
Attempted import error: 'changelogItems' is not exported from '#site/content' (imported as 'changelogItems'). @ webpack-internal:///(app-pages-browser)/./node_modules/next/dist/client/components/react-dev-overlay/app/hot-reloader-client.js:281
[   10740ms] [WARNING] ./app/lib/utils.ts
Attempted import error: 'changelogItems' is not exported from '#site/content' (imported as 'changelogItems'). @ webpack-internal:///(app-pages-browser)/./node_modules/next/dist/client/components/react-dev-overlay/app/hot-reloader-client.js:281
[   10740ms] [WARNING] ./app/lib/utils.ts
Attempted import error: 'posts' is not exported from '#site/content' (imported as 'posts'). @ webpack-internal:///(app-pages-browser)/./node_modules/next/dist/client/components/react-dev-overlay/app/hot-reloader-client.js:281
[   10740ms] [WARNING] ./app/lib/utils.ts
Attempted import error: 'changelogItems' is not exported from '#site/content' (imported as 'changelogItems'). @ webpack-internal:///(app-pages-browser)/./node_modules/next/dist/client/components/react-dev-overlay/app/hot-reloader-client.js:281
[   12420ms] [WARNING] ./app/lib/utils.ts
Attempted import error: 'changelogItems' is not exported from '#site/content' (imported as 'changelogItems'). @ webpack-internal:///(app-pages-browser)/./node_modules/next/dist/client/components/react-dev-overlay/app/hot-reloader-client.js:281
[   12420ms] [WARNING] ./app/lib/utils.ts
Attempted import error: 'posts' is not exported from '#site/content' (imported as 'posts'). @ webpack-internal:///(app-pages-browser)/./node_modules/next/dist/client/components/react-dev-overlay/app/hot-reloader-client.js:281
[   12420ms] [WARNING] ./app/lib/utils.ts
Attempted import error: 'changelogItems' is not exported from '#site/content' (imported as 'changelogItems'). @ webpack-internal:///(app-pages-browser)/./node_modules/next/dist/client/components/react-dev-overlay/app/hot-reloader-client.js:281
