[     182ms] [WARNING] %c%s%c View count unavailable (table may not exist yet): background: #e6e6e6;background: light-dark(rgba(0,0,0,0.1), rgba(255,255,255,0.25));color: #000000;color: light-dark(#000000, #ffffff);border-radius: 2px  Server   TypeError: fetch failed @ rsc://React/Server/webpack-internal:///(rsc)/./app/db/actions.ts?0:55
[     270ms] [WARNING] Vemetric is ignoring requests because it is running on localhost. @ https://cdn.vemetric.com/main.js:0
[     273ms] [WARNING] You are trying to animate stopOpacity from "undefined" to "0". undefined is not an animatable value - to enable this animation set undefined to a value animatable to 0 via the `style` property. @ webpack-internal:///(app-pages-browser)/./node_modules/framer-motion/dist/es/utils/errors.mjs:13
[     296ms] [WARNING] ./app/lib/utils.ts
Attempted import error: 'changelogItems' is not exported from '#site/content' (imported as 'changelogItems'). @ webpack-internal:///(app-pages-browser)/./node_modules/next/dist/client/components/react-dev-overlay/app/hot-reloader-client.js:281
[     296ms] [WARNING] ./app/lib/utils.ts
Attempted import error: 'posts' is not exported from '#site/content' (imported as 'posts'). @ webpack-internal:///(app-pages-browser)/./node_modules/next/dist/client/components/react-dev-overlay/app/hot-reloader-client.js:281
[     296ms] [WARNING] ./app/lib/utils.ts
Attempted import error: 'changelogItems' is not exported from '#site/content' (imported as 'changelogItems'). @ webpack-internal:///(app-pages-browser)/./node_modules/next/dist/client/components/react-dev-overlay/app/hot-reloader-client.js:281
[    1849ms] [WARNING] ./app/lib/utils.ts
Attempted import error: 'changelogItems' is not exported from '#site/content' (imported as 'changelogItems'). @ webpack-internal:///(app-pages-browser)/./node_modules/next/dist/client/components/react-dev-overlay/app/hot-reloader-client.js:281
[    1849ms] [WARNING] ./app/lib/utils.ts
Attempted import error: 'posts' is not exported from '#site/content' (imported as 'posts'). @ webpack-internal:///(app-pages-browser)/./node_modules/next/dist/client/components/react-dev-overlay/app/hot-reloader-client.js:281
[    1849ms] [WARNING] ./app/lib/utils.ts
Attempted import error: 'changelogItems' is not exported from '#site/content' (imported as 'changelogItems'). @ webpack-internal:///(app-pages-browser)/./node_modules/next/dist/client/components/react-dev-overlay/app/hot-reloader-client.js:281
[    3059ms] [WARNING] ./app/lib/utils.ts
Attempted import error: 'changelogItems' is not exported from '#site/content' (imported as 'changelogItems'). @ webpack-internal:///(app-pages-browser)/./node_modules/next/dist/client/components/react-dev-overlay/app/hot-reloader-client.js:281
[    3059ms] [WARNING] ./app/lib/utils.ts
Attempted import error: 'posts' is not exported from '#site/content' (imported as 'posts'). @ webpack-internal:///(app-pages-browser)/./node_modules/next/dist/client/components/react-dev-overlay/app/hot-reloader-client.js:281
[    3059ms] [WARNING] ./app/lib/utils.ts
Attempted import error: 'changelogItems' is not exported from '#site/content' (imported as 'changelogItems'). @ webpack-internal:///(app-pages-browser)/./node_modules/next/dist/client/components/react-dev-overlay/app/hot-reloader-client.js:281
[    3672ms] [WARNING] ./app/lib/utils.ts
Attempted import error: 'changelogItems' is not exported from '#site/content' (imported as 'changelogItems'). @ webpack-internal:///(app-pages-browser)/./node_modules/next/dist/client/components/react-dev-overlay/app/hot-reloader-client.js:281
[    3672ms] [WARNING] ./app/lib/utils.ts
Attempted import error: 'posts' is not exported from '#site/content' (imported as 'posts'). @ webpack-internal:///(app-pages-browser)/./node_modules/next/dist/client/components/react-dev-overlay/app/hot-reloader-client.js:281
[    3672ms] [WARNING] ./app/lib/utils.ts
Attempted import error: 'changelogItems' is not exported from '#site/content' (imported as 'changelogItems'). @ webpack-internal:///(app-pages-browser)/./node_modules/next/dist/client/components/react-dev-overlay/app/hot-reloader-client.js:281
[    5176ms] [WARNING] ./app/lib/utils.ts
Attempted import error: 'changelogItems' is not exported from '#site/content' (imported as 'changelogItems'). @ webpack-internal:///(app-pages-browser)/./node_modules/next/dist/client/components/react-dev-overlay/app/hot-reloader-client.js:281
[    5176ms] [WARNING] ./app/lib/utils.ts
Attempted import error: 'posts' is not exported from '#site/content' (imported as 'posts'). @ webpack-internal:///(app-pages-browser)/./node_modules/next/dist/client/components/react-dev-overlay/app/hot-reloader-client.js:281
[    5176ms] [WARNING] ./app/lib/utils.ts
Attempted import error: 'changelogItems' is not exported from '#site/content' (imported as 'changelogItems'). @ webpack-internal:///(app-pages-browser)/./node_modules/next/dist/client/components/react-dev-overlay/app/hot-reloader-client.js:281
[    5949ms] [WARNING] ./app/lib/utils.ts
Attempted import error: 'changelogItems' is not exported from '#site/content' (imported as 'changelogItems'). @ webpack-internal:///(app-pages-browser)/./node_modules/next/dist/client/components/react-dev-overlay/app/hot-reloader-client.js:281
[    5949ms] [WARNING] ./app/lib/utils.ts
Attempted import error: 'posts' is not exported from '#site/content' (imported as 'posts'). @ webpack-internal:///(app-pages-browser)/./node_modules/next/dist/client/components/react-dev-overlay/app/hot-reloader-client.js:281
[    5949ms] [WARNING] ./app/lib/utils.ts
Attempted import error: 'changelogItems' is not exported from '#site/content' (imported as 'changelogItems'). @ webpack-internal:///(app-pages-browser)/./node_modules/next/dist/client/components/react-dev-overlay/app/hot-reloader-client.js:281
[    7121ms] [WARNING] ./app/lib/utils.ts
Attempted import error: 'changelogItems' is not exported from '#site/content' (imported as 'changelogItems'). @ webpack-internal:///(app-pages-browser)/./node_modules/next/dist/client/components/react-dev-overlay/app/hot-reloader-client.js:281
[    7121ms] [WARNING] ./app/lib/utils.ts
Attempted import error: 'posts' is not exported from '#site/content' (imported as 'posts'). @ webpack-internal:///(app-pages-browser)/./node_modules/next/dist/client/components/react-dev-overlay/app/hot-reloader-client.js:281
[    7121ms] [WARNING] ./app/lib/utils.ts
Attempted import error: 'changelogItems' is not exported from '#site/content' (imported as 'changelogItems'). @ webpack-internal:///(app-pages-browser)/./node_modules/next/dist/client/components/react-dev-overlay/app/hot-reloader-client.js:281
[    8349ms] [WARNING] ./app/lib/utils.ts
Attempted import error: 'changelogItems' is not exported from '#site/content' (imported as 'changelogItems'). @ webpack-internal:///(app-pages-browser)/./node_modules/next/dist/client/components/react-dev-overlay/app/hot-reloader-client.js:281
[    8349ms] [WARNING] ./app/lib/utils.ts
Attempted import error: 'posts' is not exported from '#site/content' (imported as 'posts'). @ webpack-internal:///(app-pages-browser)/./node_modules/next/dist/client/components/react-dev-overlay/app/hot-reloader-client.js:281
[    8349ms] [WARNING] ./app/lib/utils.ts
Attempted import error: 'changelogItems' is not exported from '#site/content' (imported as 'changelogItems'). @ webpack-internal:///(app-pages-browser)/./node_modules/next/dist/client/components/react-dev-overlay/app/hot-reloader-client.js:281
[    8361ms] [WARNING] ./app/lib/utils.ts
Attempted import error: 'changelogItems' is not exported from '#site/content' (imported as 'changelogItems'). @ webpack-internal:///(app-pages-browser)/./node_modules/next/dist/client/components/react-dev-overlay/app/hot-reloader-client.js:281
[    8362ms] [WARNING] ./app/lib/utils.ts
Attempted import error: 'posts' is not exported from '#site/content' (imported as 'posts'). @ webpack-internal:///(app-pages-browser)/./node_modules/next/dist/client/components/react-dev-overlay/app/hot-reloader-client.js:281
[    8362ms] [WARNING] ./app/lib/utils.ts
Attempted import error: 'changelogItems' is not exported from '#site/content' (imported as 'changelogItems'). @ webpack-internal:///(app-pages-browser)/./node_modules/next/dist/client/components/react-dev-overlay/app/hot-reloader-client.js:281
[   10042ms] [WARNING] ./app/lib/utils.ts
Attempted import error: 'changelogItems' is not exported from '#site/content' (imported as 'changelogItems'). @ webpack-internal:///(app-pages-browser)/./node_modules/next/dist/client/components/react-dev-overlay/app/hot-reloader-client.js:281
[   10042ms] [WARNING] ./app/lib/utils.ts
Attempted import error: 'posts' is not exported from '#site/content' (imported as 'posts'). @ webpack-internal:///(app-pages-browser)/./node_modules/next/dist/client/components/react-dev-overlay/app/hot-reloader-client.js:281
[   10042ms] [WARNING] ./app/lib/utils.ts
Attempted import error: 'changelogItems' is not exported from '#site/content' (imported as 'changelogItems'). @ webpack-internal:///(app-pages-browser)/./node_modules/next/dist/client/components/react-dev-overlay/app/hot-reloader-client.js:281
